// Jest Snapshot v1, https://goo.gl/fbAQLP

exports[`Modal component It should match with the snapshot 1`] = `
<div
  className="modal"
>
  <form
    action=""
  >
    <div>
      <label>
        Domain name
      </label>
      <input
        type="text"
      />
    </div>
    <div>
      <label>
        Registran email
      </label>
      <input
        type="text"
      />
    </div>
    <div>
      <label>
        Price
      </label>
      <input
        type="text"
      />
    </div>
    <div>
      <button>
        Update it!
      </button>
      <a
        href=""
      >
        Cancel
      </a>
    </div>
  </form>
</div>
`;
