// Jest Snapshot v1, https://goo.gl/fbAQLP

exports[`Modal component should match with the snapshot 1`] = `
<div
  className="modal"
>
  <form>
    <div>
      <label>
        Domain name
      </label>
      <input
        name="name"
        onChange={[Function]}
        type="text"
        value="lalala"
      />
    </div>
    <div>
      <label>
        Registran email
      </label>
      <input
        name="email"
        onChange={[Function]}
        type="text"
        value="lalala@gmail.com"
      />
    </div>
    <div>
      <label>
        Price
      </label>
      <input
        name="price"
        onChange={[Function]}
        type="text"
        value="$3.00"
      />
    </div>
    <div>
      <button
        onClick={[Function]}
      >
        Update it!
      </button>
      <a
        href=""
      >
        Cancel
      </a>
    </div>
  </form>
</div>
`;
