// Jest Snapshot v1, https://goo.gl/fbAQLP

exports[`DomainTable component should match with the snapshot 1`] = `
<table
  className="table table-hover"
>
  <thead>
    <tr>
      <th>
        Domains name
      </th>
      <th
        className="text-center"
      >
        Uniregistry
      </th>
      <th>
        Price
      </th>
    </tr>
  </thead>
  <tbody />
</table>
`;
