// Jest Snapshot v1, https://goo.gl/fbAQLP

exports[`Home Module should match with the snapshot 1`] = `
<div>
  <table>
    <thead>
      <tr>
        <th>
          Domains name
        </th>
        <th>
          Uniregistry
        </th>
        <th>
          Price
        </th>
      </tr>
    </thead>
    <tbody>
      <tr>
        <td
          onClick={[Function]}
        >
          foolfighter.lol
        </td>
        <td>
          yes
        </td>
        <td>
          $12.00
        </td>
      </tr>
      <tr>
        <td
          onClick={[Function]}
        >
          selfdriving.cars
        </td>
        <td>
          yes
        </td>
        <td>
          $16.00
        </td>
      </tr>
      <tr>
        <td
          onClick={[Function]}
        >
          greendiamondsky.com
        </td>
        <td>
          no
        </td>
        <td>
          $9.00
        </td>
      </tr>
    </tbody>
  </table>
  <div
    className="modal hide"
  >
    <form
      action=""
    >
      <div>
        <label>
          Domain name
        </label>
        <input
          type="text"
        />
      </div>
      <div>
        <label>
          Registran email
        </label>
        <input
          type="text"
        />
      </div>
      <div>
        <label>
          Price
        </label>
        <input
          type="text"
        />
      </div>
      <div>
        <button>
          Update it!
        </button>
        <a
          href=""
        >
          Cancel
        </a>
      </div>
    </form>
  </div>
</div>
`;
