// Jest Snapshot v1, https://goo.gl/fbAQLP

exports[`DomainsTable component It should match with the snapshot 1`] = `
<table>
  <thead>
    <tr>
      <th>
        Domains name
      </th>
      <th>
        Uniregistry
      </th>
      <th>
        Price
      </th>
    </tr>
  </thead>
  <tbody />
</table>
`;
