// Jest Snapshot v1, https://goo.gl/fbAQLP

exports[`DomainsTable component It should match with the snapshot 1`] = `
<table>
  <thead>
    <th>
      <td>
        Domains name
      </td>
      <td>
        Uniregistry
      </td>
      <td>
        Price
      </td>
    </th>
  </thead>
  <tbody />
</table>
`;
