// Jest Snapshot v1, https://goo.gl/fbAQLP

exports[`DomainForm component should match with the snapshot 1`] = `
<form>
  <div
    className="form-group"
  >
    <label>
      Domain name
    </label>
    <input
      className="form-control"
      name="description"
      onChange={[Function]}
      type="text"
      value=""
    />
  </div>
  <div
    className="form-group"
  >
    <label>
      Registran email
    </label>
    <input
      className="form-control"
      name="email"
      onChange={[Function]}
      type="text"
      value={undefined}
    />
  </div>
  <div
    className="form-group"
  >
    <label>
      Price
    </label>
    <input
      className="form-control"
      name="price"
      onChange={[Function]}
      type="text"
      value=""
    />
  </div>
  <div
    className="form-group"
  >
    <button
      className="btn btn-primary"
      onClick={[Function]}
    >
      Update it!
    </button>
    <a
      className="btn btn-link"
      onClick={[Function]}
    >
      Cancel
    </a>
  </div>
</form>
`;
